// Vitest Snapshot v1

exports[`mount component 1`] = `"<div class=\\"ct-button\\"><span></span></div>"`;
